SQL> SELECT ENAME,SAL*12 "ANNUAL SALARY"
  2  FROM EMP;

ENAME      ANNUAL SALARY                                                                            
---------- -------------                                                                            
SMITH               9600                                                                            
ALLEN              19200                                                                            
WARD               15000                                                                            
JONES              35700                                                                            
MARTIN             15000                                                                            
BLAKE              34200                                                                            
CLARK              29400                                                                            
SCOTT              36000                                                                            
KING               60000                                                                            
TURNER             18000                                                                            
ADAMS              13200                                                                            
JAMES              11400                                                                            
FORD               36000                                                                            
MILLER             15600                                                                            

14 rows selected.

SQL> SELECT ENAME,JOB,SAL*0.5
  2  FROM EMP;

ENAME      JOB          SAL*0.5                                                                     
---------- --------- ----------                                                                     
SMITH      CLERK            400                                                                     
ALLEN      SALESMAN         800                                                                     
WARD       SALESMAN         625                                                                     
JONES      MANAGER       1487.5                                                                     
MARTIN     SALESMAN         625                                                                     
BLAKE      MANAGER         1425                                                                     
CLARK      MANAGER         1225                                                                     
SCOTT      ANALYST         1500                                                                     
KING       PRESIDENT       2500                                                                     
TURNER     SALESMAN         750                                                                     
ADAMS      CLERK            550                                                                     
JAMES      CLERK            475                                                                     
FORD       ANALYST         1500                                                                     
MILLER     CLERK            650                                                                     

14 rows selected.

SQL> SELECT EMP.*,SAL*12+2000 "ANNUAL BONUS"
  2  FROM EMP;

     EMPNO ENAME      JOB              MGR HIREDATE         SAL       COMM     DEPTNO ANNUAL BONUS  
---------- ---------- --------- ---------- --------- ---------- ---------- ---------- ------------  
      7369 SMITH      CLERK           7902 17-DEC-80        800                    20        11600  
      7499 ALLEN      SALESMAN        7698 20-FEB-81       1600        300         30        21200  
      7521 WARD       SALESMAN        7698 22-FEB-81       1250        500         30        17000  
      7566 JONES      MANAGER         7839 02-APR-81       2975                    20        37700  
      7654 MARTIN     SALESMAN        7698 28-SEP-81       1250       1400         30        17000  
      7698 BLAKE      MANAGER         7839 01-MAY-81       2850                    30        36200  
      7782 CLARK      MANAGER         7839 09-JUN-81       2450                    10        31400  
      7788 SCOTT      ANALYST         7566 19-APR-87       3000                    20        38000  
      7839 KING       PRESIDENT            17-NOV-81       5000                    10        62000  
      7844 TURNER     SALESMAN        7698 08-SEP-81       1500          0         30        20000  
      7876 ADAMS      CLERK           7788 23-MAY-87       1100                    20        15200  
      7900 JAMES      CLERK           7698 03-DEC-81        950                    30        13400  
      7902 FORD       ANALYST         7566 03-DEC-81       3000                    20        38000  
      7934 MILLER     CLERK           7782 23-JAN-82       1300                    10        17600  

14 rows selected.

SQL> SELECT ENAME,SAL,SAL+SAL*0.1 "HIKE OF 10 %"
  2  FROM EMP;

ENAME             SAL HIKE OF 10 %                                                                  
---------- ---------- ------------                                                                  
SMITH             800          880                                                                  
ALLEN            1600         1760                                                                  
WARD             1250         1375                                                                  
JONES            2975       3272.5                                                                  
MARTIN           1250         1375                                                                  
BLAKE            2850         3135                                                                  
CLARK            2450         2695                                                                  
SCOTT            3000         3300                                                                  
KING             5000         5500                                                                  
TURNER           1500         1650                                                                  
ADAMS            1100         1210                                                                  
JAMES             950         1045                                                                  
FORD             3000         3300                                                                  
MILLER           1300         1430                                                                  

14 rows selected.

SQL> SELECT ENAME,SAL,SAL-SAL*0.25 "DEDUCTION OF 25 %"
  2  FROM EMP;

ENAME             SAL DEDUCTION OF 25 %                                                             
---------- ---------- -----------------                                                             
SMITH             800               600                                                             
ALLEN            1600              1200                                                             
WARD             1250             937.5                                                             
JONES            2975           2231.25                                                             
MARTIN           1250             937.5                                                             
BLAKE            2850            2137.5                                                             
CLARK            2450            1837.5                                                             
SCOTT            3000              2250                                                             
KING             5000              3750                                                             
TURNER           1500              1125                                                             
ADAMS            1100               825                                                             
JAMES             950             712.5                                                             
FORD             3000              2250                                                             
MILLER           1300               975                                                             

14 rows selected.

SQL>  SELECT ENAME,SAL,SAL+50 "MONTHLY HIKE"
  2  FROM EMP;

ENAME             SAL MONTHLY HIKE                                                                  
---------- ---------- ------------                                                                  
SMITH             800          850                                                                  
ALLEN            1600         1650                                                                  
WARD             1250         1300                                                                  
JONES            2975         3025                                                                  
MARTIN           1250         1300                                                                  
BLAKE            2850         2900                                                                  
CLARK            2450         2500                                                                  
SCOTT            3000         3050                                                                  
KING             5000         5050                                                                  
TURNER           1500         1550                                                                  
ADAMS            1100         1150                                                                  
JAMES             950         1000                                                                  
FORD             3000         3050                                                                  
MILLER           1300         1350                                                                  

14 rows selected.

SQL> SELECT ENAME,SAL,SAL*12 "ANNUAL SALARY",SAL*12-SAL*12*0.1 "DEDUCTION OF 10 %"
  2  FROM EMP;

ENAME             SAL ANNUAL SALARY DEDUCTION OF 10 %                                               
---------- ---------- ------------- -----------------                                               
SMITH             800          9600              8640                                               
ALLEN            1600         19200             17280                                               
WARD             1250         15000             13500                                               
JONES            2975         35700             32130                                               
MARTIN           1250         15000             13500                                               
BLAKE            2850         34200             30780                                               
CLARK            2450         29400             26460                                               
SCOTT            3000         36000             32400                                               
KING             5000         60000             54000                                               
TURNER           1500         18000             16200                                               
ADAMS            1100         13200             11880                                               
JAMES             950         11400             10260                                               
FORD             3000         36000             32400                                               
MILLER           1300         15600             14040                                               

14 rows selected.

SQL> SELECT SAL+COMM "TOTAL SALARY"
  2  FROM EMP;

TOTAL SALARY                                                                                        
------------                                                                                        
                                                                                                    
        1900                                                                                        
        1750                                                                                        
                                                                                                    
        2650                                                                                        
                                                                                                    
                                                                                                    
                                                                                                    
                                                                                                    
        1500                                                                                        
                                                                                                    
                                                                                                    
                                                                                                    
                                                                                                    

14 rows selected.

SQL> SELECT EMP.*,SAL*12 "ANNUAL SALARY"
  2  FROM EMP;

     EMPNO ENAME      JOB              MGR HIREDATE         SAL       COMM     DEPTNO ANNUAL SALARY 
---------- ---------- --------- ---------- --------- ---------- ---------- ---------- ------------- 
      7369 SMITH      CLERK           7902 17-DEC-80        800                    20          9600 
      7499 ALLEN      SALESMAN        7698 20-FEB-81       1600        300         30         19200 
      7521 WARD       SALESMAN        7698 22-FEB-81       1250        500         30         15000 
      7566 JONES      MANAGER         7839 02-APR-81       2975                    20         35700 
      7654 MARTIN     SALESMAN        7698 28-SEP-81       1250       1400         30         15000 
      7698 BLAKE      MANAGER         7839 01-MAY-81       2850                    30         34200 
      7782 CLARK      MANAGER         7839 09-JUN-81       2450                    10         29400 
      7788 SCOTT      ANALYST         7566 19-APR-87       3000                    20         36000 
      7839 KING       PRESIDENT            17-NOV-81       5000                    10         60000 
      7844 TURNER     SALESMAN        7698 08-SEP-81       1500          0         30         18000 
      7876 ADAMS      CLERK           7788 23-MAY-87       1100                    20         13200 
      7900 JAMES      CLERK           7698 03-DEC-81        950                    30         11400 
      7902 FORD       ANALYST         7566 03-DEC-81       3000                    20         36000 
      7934 MILLER     CLERK           7782 23-JAN-82       1300                    10         15600 

14 rows selected.

SQL> SELECT ENAME,JOB DESIGNATION,SAL-100 PENALTY
  2  FROM EMP;

ENAME      DESIGNATI    PENALTY                                                                     
---------- --------- ----------                                                                     
SMITH      CLERK            700                                                                     
ALLEN      SALESMAN        1500                                                                     
WARD       SALESMAN        1150                                                                     
JONES      MANAGER         2875                                                                     
MARTIN     SALESMAN        1150                                                                     
BLAKE      MANAGER         2750                                                                     
CLARK      MANAGER         2350                                                                     
SCOTT      ANALYST         2900                                                                     
KING       PRESIDENT       4900                                                                     
TURNER     SALESMAN        1400                                                                     
ADAMS      CLERK           1000                                                                     
JAMES      CLERK            850                                                                     
FORD       ANALYST         2900                                                                     
MILLER     CLERK           1200                                                                     

14 rows selected.

SQL> SELECT SAL*12 "ANNUAL SALARY"
  2  FROM EMP
  3  WHERE ENAME='SMITH';

ANNUAL SALARY                                                                                       
-------------                                                                                       
         9600                                                                                       

SQL> SELECT ENAME
  2  FROM EMP
  3  WHERE JOB='CLERK';

ENAME                                                                                               
----------                                                                                          
SMITH                                                                                               
ADAMS                                                                                               
JAMES                                                                                               
MILLER                                                                                              

SQL> SELECT SAL
  2  FROM EMP
  3  WHERE JOB='SALESMAN';

       SAL                                                                                          
----------                                                                                          
      1600                                                                                          
      1250                                                                                          
      1250                                                                                          
      1500                                                                                          

SQL> SELECT EMP.*
  2  FROM EMP
  3  WHERE SAL>2000;

     EMPNO ENAME      JOB              MGR HIREDATE         SAL       COMM     DEPTNO               
---------- ---------- --------- ---------- --------- ---------- ---------- ----------               
      7566 JONES      MANAGER         7839 02-APR-81       2975                    20               
      7698 BLAKE      MANAGER         7839 01-MAY-81       2850                    30               
      7782 CLARK      MANAGER         7839 09-JUN-81       2450                    10               
      7788 SCOTT      ANALYST         7566 19-APR-87       3000                    20               
      7839 KING       PRESIDENT            17-NOV-81       5000                    10               
      7902 FORD       ANALYST         7566 03-DEC-81       3000                    20               

6 rows selected.

SQL> SELECT EMP.*
  2  FROM EMP
  3  WHERE ENAME='JONES';

     EMPNO ENAME      JOB              MGR HIREDATE         SAL       COMM     DEPTNO               
---------- ---------- --------- ---------- --------- ---------- ---------- ----------               
      7566 JONES      MANAGER         7839 02-APR-81       2975                    20               

SQL> SELECT EMP.*
  2  FROM EMP
  3  WHERE HIREDATE > '01-JAN-1981';

     EMPNO ENAME      JOB              MGR HIREDATE         SAL       COMM     DEPTNO               
---------- ---------- --------- ---------- --------- ---------- ---------- ----------               
      7499 ALLEN      SALESMAN        7698 20-FEB-81       1600        300         30               
      7521 WARD       SALESMAN        7698 22-FEB-81       1250        500         30               
      7566 JONES      MANAGER         7839 02-APR-81       2975                    20               
      7654 MARTIN     SALESMAN        7698 28-SEP-81       1250       1400         30               
      7698 BLAKE      MANAGER         7839 01-MAY-81       2850                    30               
      7782 CLARK      MANAGER         7839 09-JUN-81       2450                    10               
      7788 SCOTT      ANALYST         7566 19-APR-87       3000                    20               
      7839 KING       PRESIDENT            17-NOV-81       5000                    10               
      7844 TURNER     SALESMAN        7698 08-SEP-81       1500          0         30               
      7876 ADAMS      CLERK           7788 23-MAY-87       1100                    20               
      7900 JAMES      CLERK           7698 03-DEC-81        950                    30               
      7902 FORD       ANALYST         7566 03-DEC-81       3000                    20               
      7934 MILLER     CLERK           7782 23-JAN-82       1300                    10               

13 rows selected.

SQL> SELECT ENAME,SAL,SAL*12 "ANNUAL SALARY"
  2  FROM EMP
  3  WHERE SAL*12>12000;

ENAME             SAL ANNUAL SALARY                                                                 
---------- ---------- -------------                                                                 
ALLEN            1600         19200                                                                 
WARD             1250         15000                                                                 
JONES            2975         35700                                                                 
MARTIN           1250         15000                                                                 
BLAKE            2850         34200                                                                 
CLARK            2450         29400                                                                 
SCOTT            3000         36000                                                                 
KING             5000         60000                                                                 
TURNER           1500         18000                                                                 
ADAMS            1100         13200                                                                 
FORD             3000         36000                                                                 
MILLER           1300         15600                                                                 

12 rows selected.

SQL> SELECT EMPNO
  2  FROM EMP
  3  WHERE DEPTNO='30';

     EMPNO                                                                                          
----------                                                                                          
      7499                                                                                          
      7521                                                                                          
      7654                                                                                          
      7698                                                                                          
      7844                                                                                          
      7900                                                                                          

6 rows selected.

SQL> SELECT ENAME,HIREDATE
  2  FROM EMP
  3  WHERE HIREDATE<'01-JAN-1981';

ENAME      HIREDATE                                                                                 
---------- ---------                                                                                
SMITH      17-DEC-80                                                                                

SQL> SELECT EMP.*
  2  FROM EMP
  3  WHERE JOB='MANAGER';

     EMPNO ENAME      JOB              MGR HIREDATE         SAL       COMM     DEPTNO               
---------- ---------- --------- ---------- --------- ---------- ---------- ----------               
      7566 JONES      MANAGER         7839 02-APR-81       2975                    20               
      7698 BLAKE      MANAGER         7839 01-MAY-81       2850                    30               
      7782 CLARK      MANAGER         7839 09-JUN-81       2450                    10               

SQL> 
