SELECT EMP.*
  2  FROM EMP
  3  WHERE JOB='CLERK' AND SAL<1500;

     EMPNO ENAME      JOB              MGR HIREDATE         SAL       COMM      
---------- ---------- --------- ---------- --------- ---------- ----------      
    DEPTNO                                                                      
----------                                                                      
      7369 SMITH      CLERK           7902 17-DEC-80        800                 
        20                                                                      
                                                                                
      7876 ADAMS      CLERK           7788 23-MAY-87       1100                 
        20                                                                      
                                                                                
      7900 JAMES      CLERK           7698 03-DEC-81        950                 
        30                                                                      
                                                                                

     EMPNO ENAME      JOB              MGR HIREDATE         SAL       COMM      
---------- ---------- --------- ---------- --------- ---------- ----------      
    DEPTNO                                                                      
----------                                                                      
      7934 MILLER     CLERK           7782 23-JAN-82       1300                 
        10                                                                      
                                                                                

SQL> SET PAGES 100 LINES 100;
SQL> SET PAGES 100 LINES 100
SQL> SELECT EMP.*
  2  FROM EMP
  3  WHERE JOB='CLERK' AND SAL<1500;

     EMPNO ENAME      JOB              MGR HIREDATE         SAL       COMM     DEPTNO               
---------- ---------- --------- ---------- --------- ---------- ---------- ----------               
      7369 SMITH      CLERK           7902 17-DEC-80        800                    20               
      7876 ADAMS      CLERK           7788 23-MAY-87       1100                    20               
      7900 JAMES      CLERK           7698 03-DEC-81        950                    30               
      7934 MILLER     CLERK           7782 23-JAN-82       1300                    10               

SQL> SELECT ENAME,HIREDATE
  2  FROM EMP
  3  WHERE JOB='MANAGER' OR DEPTNO=30;

ENAME      HIREDATE                                                                                 
---------- ---------                                                                                
ALLEN      20-FEB-81                                                                                
WARD       22-FEB-81                                                                                
JONES      02-APR-81                                                                                
MARTIN     28-SEP-81                                                                                
BLAKE      01-MAY-81                                                                                
CLARK      09-JUN-81                                                                                
TURNER     08-SEP-81                                                                                
JAMES      03-DEC-81                                                                                

8 rows selected.

SQL>  SELECT ENAME,HIREDATE,DEPTNO
  2  FROM EMP
  3  WHERE JOB='MANAGER' OR DEPTNO=30;

ENAME      HIREDATE      DEPTNO                                                                     
---------- --------- ----------                                                                     
ALLEN      20-FEB-81         30                                                                     
WARD       22-FEB-81         30                                                                     
JONES      02-APR-81         20                                                                     
MARTIN     28-SEP-81         30                                                                     
BLAKE      01-MAY-81         30                                                                     
CLARK      09-JUN-81         10                                                                     
TURNER     08-SEP-81         30                                                                     
JAMES      03-DEC-81         30                                                                     

8 rows selected.

SQL> SELECT *
  2  FROM EMP;

     EMPNO ENAME      JOB              MGR HIREDATE         SAL       COMM     DEPTNO               
---------- ---------- --------- ---------- --------- ---------- ---------- ----------               
      7369 SMITH      CLERK           7902 17-DEC-80        800                    20               
      7499 ALLEN      SALESMAN        7698 20-FEB-81       1600        300         30               
      7521 WARD       SALESMAN        7698 22-FEB-81       1250        500         30               
      7566 JONES      MANAGER         7839 02-APR-81       2975                    20               
      7654 MARTIN     SALESMAN        7698 28-SEP-81       1250       1400         30               
      7698 BLAKE      MANAGER         7839 01-MAY-81       2850                    30               
      7782 CLARK      MANAGER         7839 09-JUN-81       2450                    10               
      7788 SCOTT      ANALYST         7566 19-APR-87       3000                    20               
      7839 KING       PRESIDENT            17-NOV-81       5000                    10               
      7844 TURNER     SALESMAN        7698 08-SEP-81       1500          0         30               
      7876 ADAMS      CLERK           7788 23-MAY-87       1100                    20               
      7900 JAMES      CLERK           7698 03-DEC-81        950                    30               
      7902 FORD       ANALYST         7566 03-DEC-81       3000                    20               
      7934 MILLER     CLERK           7782 23-JAN-82       1300                    10               

14 rows selected.

SQL> SELECT ENAME,HIREDATE,DEPTNO,MANAGER
  2  FROM EMP
  3  WHERE JOB='MANAGER' AND DEPTNO=30;
SELECT ENAME,HIREDATE,DEPTNO,MANAGER
                             *
ERROR at line 1:
ORA-00904: "MANAGER": invalid identifier 


SQL> SELECT ENAME,HIREDATE,DEPTNO,JOB
  2  FROM EMP
  3  WHERE JOB='MANAGER' AND DEPTNO=30;

ENAME      HIREDATE      DEPTNO JOB                                                                 
---------- --------- ---------- ---------                                                           
BLAKE      01-MAY-81         30 MANAGER                                                             

SQL> SELECT EMP.*,SAL*12 "ANNUAL SALARY"
  2  FROM EMP
  3  WHERE (DEPTNO=30 AND JOB='SALESMAN') OR SAL*12>14000;

     EMPNO ENAME      JOB              MGR HIREDATE         SAL       COMM     DEPTNO ANNUAL SALARY 
---------- ---------- --------- ---------- --------- ---------- ---------- ---------- ------------- 
      7499 ALLEN      SALESMAN        7698 20-FEB-81       1600        300         30         19200 
      7521 WARD       SALESMAN        7698 22-FEB-81       1250        500         30         15000 
      7566 JONES      MANAGER         7839 02-APR-81       2975                    20         35700 
      7654 MARTIN     SALESMAN        7698 28-SEP-81       1250       1400         30         15000 
      7698 BLAKE      MANAGER         7839 01-MAY-81       2850                    30         34200 
      7782 CLARK      MANAGER         7839 09-JUN-81       2450                    10         29400 
      7788 SCOTT      ANALYST         7566 19-APR-87       3000                    20         36000 
      7839 KING       PRESIDENT            17-NOV-81       5000                    10         60000 
      7844 TURNER     SALESMAN        7698 08-SEP-81       1500          0         30         18000 
      7902 FORD       ANALYST         7566 03-DEC-81       3000                    20         36000 
      7934 MILLER     CLERK           7782 23-JAN-82       1300                    10         15600 

11 rows selected.

SQL> SELECT EMP.*,SAL*12 "ANNUAL SALARY"
  2  FROM EMP
  3   WHERE (DEPTNO=30 AND JOB='SALESMAN') AND SAL*12>14000;

     EMPNO ENAME      JOB              MGR HIREDATE         SAL       COMM     DEPTNO ANNUAL SALARY 
---------- ---------- --------- ---------- --------- ---------- ---------- ---------- ------------- 
      7499 ALLEN      SALESMAN        7698 20-FEB-81       1600        300         30         19200 
      7521 WARD       SALESMAN        7698 22-FEB-81       1250        500         30         15000 
      7654 MARTIN     SALESMAN        7698 28-SEP-81       1250       1400         30         15000 
      7844 TURNER     SALESMAN        7698 08-SEP-81       1500          0         30         18000 

SQL> SELECT EMP.*
  2  FROM EMP
  3  WHERE DEPTNO=30 AND JOB='ANALYST';

no rows selected

SQL> 
SQL> spool off
